[www.pking88.com/b/vn.html]
[backblue.gif]
[fade.gif]
[index.html]
[i.nvxcdn.com/resb/viva88/common/css/loginbe73.css]
[i.nvxcdn.com/resb/viva88/common/images/faviconbe73.ico]
[www.pking88.com/b/_next/static/chunks/polyfills-c67a75d1b6f99dc8.js]
[www.pking88.com/b/scripts/GestureClassbe73.js]
[www.pking88.com/b/scripts/jquery-2.1.4.minbe73.js]
[www.pking88.com/b/_next/static/chunks/webpack-d1910b1a8de6a091.js]
[www.pking88.com/b/_next/static/chunks/framework-2c79e2a64abdb08b.js]
[www.pking88.com/b/_next/static/chunks/main-c0360f540137fe89.js]
[www.pking88.com/b/_next/static/chunks/555-4a87faf2e5080018.js]
[www.pking88.com/b/_next/static/chunks/pages/_app-057ea8749037b88c.js]
[www.pking88.com/b/_next/static/chunks/198-e39f0e2c195187c5.js]
[www.pking88.com/b/_next/static/chunks/862-527c3bafda3abc82.js]
[www.pking88.com/b/_next/static/chunks/pages/index-2c7214b56f76f756.js]
[www.pking88.com/b/_next/static/D-HXof0-e1C0ysdiTznI1/_buildManifest.js]
[www.pking88.com/b/_next/static/D-HXof0-e1C0ysdiTznI1/_ssgManifest.js]
[i.nvxcdn.com/resb/viva88/common/images/products/Sports_desktopbe73.png]
[i.nvxcdn.com/resb/viva88/common/images/products/VirtualSports_desktopbe73.png]
[i.nvxcdn.com/resb/viva88/common/images/products/E-Sports_desktopbe73.png]
[i.nvxcdn.com/resb/viva88/common/images/products/NumberGame_desktopbe73.png]
[i.nvxcdn.com/resb/viva88/common/images/products/Gaming_desktopbe73.png]
[i.nvxcdn.com/resb/viva88/common/images/products/RNGKeno_desktopbe73.png]
[i.nvxcdn.com/resb/viva88/common/images/products/Saba.club_desktopbe73.png]
[www.pking88.com/b/ch.html]
[www.pking88.com/b/vn.html]
[www.pking88.com/b/ch.html]
[www.pking88.com/b/jp.html]
[www.pking88.com/b/jp.html]
[www.pking88.com/b/scripts/jquery-2.1.4.minbe73.js]
[i.nvxcdn.com/resb/viva88/common/images/faviconbe73.ico]
[www.pking88.com/b/scripts/GestureClassbe73.js]
[i.nvxcdn.com/resb/viva88/common/images/ui/language_flagsc4ac.png]
[www.pking88.com/b/_next/static/chunks/webpack-d1910b1a8de6a091.js]
[www.pking88.com/b/_next/static/chunks/polyfills-c67a75d1b6f99dc8.js]
[i.nvxcdn.com/resb/viva88/common/images/logo_slogan/logo_white_en30d0.svg]
[www.pking88.com/b/_next/static/chunks/pages/_app-057ea8749037b88c.js]
[www.pking88.com/b/_next/static/chunks/framework-2c79e2a64abdb08b.js]
[www.pking88.com/b/_next/static/chunks/main-c0360f540137fe89.js]
[i.nvxcdn.com/resb/viva88/common/images/logo_slogan/logo_white_ch0cf8.svg]
[www.pking88.com/b/_next/static/chunks/555-4a87faf2e5080018.js]
[www.pking88.com/b/_next/static/chunks/862-527c3bafda3abc82.js]
[www.pking88.com/b/_next/static/chunks/198-e39f0e2c195187c5.js]
[i.nvxcdn.com/resb/viva88/common/images/logo_slogan/logo_white_csdffa.svg]
[www.pking88.com/b/_next/static/D-HXof0-e1C0ysdiTznI1/_buildManifest.js]
[www.pking88.com/b/_next/static/chunks/pages/index-2c7214b56f76f756.js]
[i.nvxcdn.com/resb/viva88/common/images/products/Sports_desktopbe73.png]
[i.nvxcdn.com/resb/viva88/common/images/logo_slogan/logo_white_vn2b05.svg]
[i.nvxcdn.com/resb/viva88/common/css/loginbe73.css]
[i.nvxcdn.com/resb/viva88/common/images/products/VirtualSports_desktopbe73.png]
[i.nvxcdn.com/resb/viva88/common/images/products/E-Sports_desktopbe73.png]
[i.nvxcdn.com/resb/viva88/common/images/products/Gaming_desktopbe73.png]
[i.nvxcdn.com/resb/viva88/common/images/products/RNGKeno_desktopbe73.png]
[www.googletagmanager.com/gtm5445.html]
[i.nvxcdn.com/resb/viva88/common/images/products/Saba.club_desktopbe73.png]
[i.nvxcdn.com/resb/viva88/common/images/ui/language_flagsc4ac.png]
[www.pking88.com/b/ch.html]
[i.nvxcdn.com/resb/viva88/common/images/logo_slogan/logo_white_en30d0.svg]
[i.nvxcdn.com/resb/viva88/common/images/logo_slogan/logo_white_ch0cf8.svg]
[i.nvxcdn.com/resb/viva88/common/images/logo_slogan/logo_white_csdffa.svg]
[i.nvxcdn.com/resb/viva88/common/images/logo_slogan/logo_white_vn2b05.svg]
